../Core/Src/main.c:121:5:main	16	static
../Core/Src/main.c:256:6:SystemClock_Config	88	static
../Core/Src/main.c:302:13:MX_ADC1_Init	24	static
../Core/Src/main.c:363:13:MX_TIM2_Init	64	static
../Core/Src/main.c:434:13:MX_TIM3_Init	48	static
../Core/Src/main.c:483:13:MX_TIM6_Init	16	static
../Core/Src/main.c:521:13:MX_USART1_UART_Init	8	static
../Core/Src/main.c:552:13:MX_DMA_Init	16	static
../Core/Src/main.c:570:13:MX_GPIO_Init	56	static
../Core/Src/main.c:639:6:HAL_TIM_PeriodElapsedCallback	16	static
../Core/Src/main.c:665:6:HAL_GPIO_EXTI_Callback	16	static
../Core/Src/main.c:702:13:Wheel_Rotate_Direction	24	static
../Core/Src/main.c:790:6:HAL_UART_RxCpltCallback	16	static
../Core/Src/main.c:803:5:__io_putchar	16	static
../Core/Src/main.c:818:24:JoytickReadValue	24	static
../Core/Src/main.c:859:6:Error_Handler	4	static,ignoring_inline_asm
