../Core/Src/main.c:127:5:main	16	static
../Core/Src/main.c:270:6:SystemClock_Config	88	static
../Core/Src/main.c:316:13:MX_ADC1_Init	24	static
../Core/Src/main.c:377:13:MX_TIM2_Init	64	static
../Core/Src/main.c:448:13:MX_TIM3_Init	48	static
../Core/Src/main.c:502:13:MX_TIM4_Init	48	static
../Core/Src/main.c:551:13:MX_TIM6_Init	16	static
../Core/Src/main.c:589:13:MX_USART1_UART_Init	8	static
../Core/Src/main.c:620:13:MX_DMA_Init	16	static
../Core/Src/main.c:638:13:MX_GPIO_Init	56	static
../Core/Src/main.c:707:6:HAL_TIM_PeriodElapsedCallback	16	static
../Core/Src/main.c:733:6:HAL_GPIO_EXTI_Callback	16	static
../Core/Src/main.c:787:13:Wheel_Rotate_Direction	24	static
../Core/Src/main.c:875:6:HAL_UART_RxCpltCallback	16	static
../Core/Src/main.c:888:5:__io_putchar	16	static
../Core/Src/main.c:903:24:JoytickReadValue	24	static
../Core/Src/main.c:944:6:Error_Handler	4	static,ignoring_inline_asm
